src/app/api/admin/check/route.ts(52,1): error TS1128: Declaration or statement expected.
src/app/api/admin/metrics/route.ts(47,9): error TS1128: Declaration or statement expected.
src/app/api/admin/metrics/route.ts(50,7): error TS1128: Declaration or statement expected.
src/app/api/admin/metrics/route.ts(51,5): error TS1128: Declaration or statement expected.
src/app/api/admin/metrics/route.ts(54,3): error TS1128: Declaration or statement expected.
src/app/api/admin/metrics/route.ts(54,5): error TS1005: 'try' expected.
src/app/api/admin/metrics/route.ts(58,1): error TS1128: Declaration or statement expected.
src/app/api/analytics/vertical/route.ts(31,1): error TS1128: Declaration or statement expected.
src/app/api/auth/enhanced/login/route.ts(181,36): error TS1005: ')' expected.
src/app/api/inventory/route.ts(140,7): error TS1005: '(' expected.
src/app/api/jobs/create-recurring/route.ts(71,7): error TS1128: Declaration or statement expected.
src/app/api/jobs/create-recurring/route.ts(71,8): error TS1128: Declaration or statement expected.
src/app/api/jobs/create-recurring/route.ts(72,7): error TS1128: Declaration or statement expected.
src/app/api/jobs/create-recurring/route.ts(81,3): error TS1128: Declaration or statement expected.
src/app/api/jobs/create-recurring/route.ts(81,5): error TS1005: 'try' expected.
src/app/api/jobs/create-recurring/route.ts(85,1): error TS1128: Declaration or statement expected.
src/app/api/jobs/dead-letter/route.ts(114,3): error TS1128: Declaration or statement expected.
src/app/api/jobs/dead-letter/route.ts(114,5): error TS1005: 'try' expected.
src/app/api/jobs/dead-letter/route.ts(120,1): error TS1128: Declaration or statement expected.
src/app/api/jobs/enqueue-reminders/route.ts(45,3): error TS1128: Declaration or statement expected.
src/app/api/jobs/enqueue-reminders/route.ts(45,4): error TS1128: Declaration or statement expected.
src/app/api/jobs/enqueue-reminders/route.ts(46,1): error TS1128: Declaration or statement expected.
src/app/api/jobs/route.ts(68,3): error TS1128: Declaration or statement expected.
src/app/api/jobs/route.ts(68,5): error TS1005: 'try' expected.
src/app/api/jobs/route.ts(74,1): error TS1128: Declaration or statement expected.
src/app/api/manager/schedule/route.ts(94,1): error TS1005: '}' expected.
src/app/api/ml/predictions/route.ts(90,5): error TS1128: Declaration or statement expected.
src/app/api/ml/predictions/route.ts(99,3): error TS1128: Declaration or statement expected.
src/app/api/ml/predictions/route.ts(99,5): error TS1005: 'try' expected.
src/app/api/ml/predictions/route.ts(105,1): error TS1128: Declaration or statement expected.
src/app/api/owner/usage/route.ts(20,5): error TS1128: Declaration or statement expected.
src/app/api/owner/usage/route.ts(20,6): error TS1128: Declaration or statement expected.
src/app/api/owner/usage/route.ts(62,3): error TS1128: Declaration or statement expected.
src/app/api/owner/usage/route.ts(62,5): error TS1005: 'try' expected.
src/app/api/owner/usage/route.ts(66,1): error TS1128: Declaration or statement expected.
src/app/api/owner/usage/route.ts(158,5): error TS1005: ',' expected.
src/app/api/owner/usage/route.ts(162,1): error TS1128: Declaration or statement expected.
src/app/api/products/by-product-id/variants/[variantId]/route.ts(125,1): error TS1128: Declaration or statement expected.
src/app/api/products/by-product-id/variants/[variantId]/route.ts(333,3): error TS1128: Declaration or statement expected.
src/app/api/products/by-product-id/variants/[variantId]/route.ts(333,5): error TS1005: 'try' expected.
src/app/api/products/by-product-id/variants/[variantId]/route.ts(337,1): error TS1128: Declaration or statement expected.
src/app/api/reminders/create/route.ts(73,21): error TS1005: ';' expected.
src/app/api/reminders/create/route.ts(74,5): error TS1109: Expression expected.
src/app/api/reminders/create/route.ts(74,6): error TS1128: Declaration or statement expected.
src/app/api/reminders/create/route.ts(75,3): error TS1128: Declaration or statement expected.
src/app/api/reminders/create/route.ts(75,4): error TS1128: Declaration or statement expected.
src/app/api/reminders/create/route.ts(76,1): error TS1128: Declaration or statement expected.
src/app/api/reminders/run/route.ts(74,11): error TS1128: Declaration or statement expected.
src/app/api/reminders/run/route.ts(75,9): error TS1128: Declaration or statement expected.
src/app/api/reminders/run/route.ts(75,11): error TS1128: Declaration or statement expected.
src/app/api/reminders/run/route.ts(86,7): error TS1128: Declaration or statement expected.
src/app/api/reminders/run/route.ts(86,9): error TS1005: 'try' expected.
src/app/api/reminders/run/route.ts(89,5): error TS1128: Declaration or statement expected.
src/app/api/reminders/run/route.ts(92,3): error TS1128: Declaration or statement expected.
src/app/api/reminders/run/route.ts(92,5): error TS1005: 'try' expected.
src/app/api/reminders/run/route.ts(96,1): error TS1128: Declaration or statement expected.
src/components/booking/BookingConfirmation.tsx(1,14): error TS1127: Invalid character.
src/components/booking/BookingConfirmation.tsx(1,16): error TS1127: Invalid character.
src/components/booking/BookingConfirmation.tsx(1,17): error TS1435: Unknown keyword or identifier. Did you mean 'import'?
src/components/booking/BookingConfirmation.tsx(1,25): error TS1434: Unexpected keyword or identifier.
src/components/booking/BookingConfirmation.tsx(1,31): error TS1434: Unexpected keyword or identifier.
src/components/booking/BookingConfirmation.tsx(1,44): error TS1127: Invalid character.
src/components/booking/BookingConfirmation.tsx(1,45): error TS1435: Unknown keyword or identifier. Did you mean 'import'?
src/components/booking/BookingConfirmation.tsx(1,98): error TS1434: Unexpected keyword or identifier.
src/components/booking/BookingConfirmation.tsx(1,126): error TS1127: Invalid character.
src/components/booking/BookingConfirmation.tsx(1,127): error TS1435: Unknown keyword or identifier. Did you mean 'import'?
src/components/booking/BookingConfirmation.tsx(1,145): error TS1434: Unexpected keyword or identifier.
src/components/booking/BookingConfirmation.tsx(1,174): error TS1127: Invalid character.
src/components/booking/BookingConfirmation.tsx(1,175): error TS1435: Unknown keyword or identifier. Did you mean 'import'?
src/components/booking/BookingConfirmation.tsx(1,185): error TS1127: Invalid character.
src/components/booking/BookingConfirmation.tsx(1,186): error TS1434: Unexpected keyword or identifier.
src/components/booking/BookingConfirmation.tsx(1,198): error TS1127: Invalid character.
src/components/booking/BookingConfirmation.tsx(1,199): error TS1434: Unexpected keyword or identifier.
src/components/booking/BookingConfirmation.tsx(1,209): error TS1127: Invalid character.
src/components/booking/BookingConfirmation.tsx(1,210): error TS1434: Unexpected keyword or identifier.
src/components/booking/BookingConfirmation.tsx(1,219): error TS1127: Invalid character.
src/components/booking/BookingConfirmation.tsx(1,220): error TS1434: Unexpected keyword or identifier.
src/components/booking/BookingConfirmation.tsx(1,228): error TS1127: Invalid character.
src/components/booking/BookingConfirmation.tsx(1,229): error TS1434: Unexpected keyword or identifier.
src/components/booking/BookingConfirmation.tsx(1,237): error TS1127: Invalid character.
src/components/booking/BookingConfirmation.tsx(1,238): error TS1434: Unexpected keyword or identifier.
src/components/booking/BookingConfirmation.tsx(1,247): error TS1127: Invalid character.
src/components/booking/BookingConfirmation.tsx(1,248): error TS1434: Unexpected keyword or identifier.
src/components/booking/BookingConfirmation.tsx(1,262): error TS1127: Invalid character.
src/components/booking/BookingConfirmation.tsx(1,266): error TS1434: Unexpected keyword or identifier.
src/components/booking/BookingConfirmation.tsx(1,286): error TS1127: Invalid character.
src/components/booking/BookingConfirmation.tsx(1,287): error TS1435: Unknown keyword or identifier. Did you mean 'import'?
src/components/booking/BookingConfirmation.tsx(1,341): error TS1434: Unexpected keyword or identifier.
src/components/booking/BookingConfirmation.tsx(1,394): error TS1127: Invalid character.
src/components/booking/BookingConfirmation.tsx(1,395): error TS1435: Unknown keyword or identifier. Did you mean 'import'?
src/components/booking/BookingConfirmation.tsx(1,430): error TS1434: Unexpected keyword or identifier.
src/components/booking/BookingConfirmation.tsx(1,449): error TS1127: Invalid character.
src/components/booking/BookingConfirmation.tsx(1,451): error TS1127: Invalid character.
src/components/booking/BookingConfirmation.tsx(1,452): error TS1435: Unknown keyword or identifier. Did you mean 'export'?
src/components/booking/BookingConfirmation.tsx(1,496): error TS1127: Invalid character.
src/components/booking/BookingConfirmation.tsx(1,497): error TS1131: Property or signature expected.
src/components/booking/BookingConfirmation.tsx(1,510): error TS1127: Invalid character.
src/components/booking/BookingConfirmation.tsx(1,511): error TS1434: Unexpected keyword or identifier.
src/components/booking/BookingConfirmation.tsx(1,527): error TS1127: Invalid character.
src/components/booking/BookingConfirmation.tsx(1,528): error TS1434: Unexpected keyword or identifier.
src/components/booking/BookingConfirmation.tsx(1,554): error TS1127: Invalid character.
src/components/booking/BookingConfirmation.tsx(1,555): error TS1434: Unexpected keyword or identifier.
src/components/booking/BookingConfirmation.tsx(1,585): error TS1127: Invalid character.
src/components/booking/BookingConfirmation.tsx(1,586): error TS1434: Unexpected keyword or identifier.
src/components/booking/BookingConfirmation.tsx(1,616): error TS1127: Invalid character.
src/components/booking/BookingConfirmation.tsx(1,617): error TS1434: Unexpected keyword or identifier.
src/components/booking/BookingConfirmation.tsx(1,639): error TS1109: Expression expected.
src/components/booking/BookingConfirmation.tsx(1,648): error TS1127: Invalid character.
src/components/booking/BookingConfirmation.tsx(1,649): error TS1434: Unexpected keyword or identifier.
src/components/booking/BookingConfirmation.tsx(1,676): error TS1127: Invalid character.
src/components/booking/BookingConfirmation.tsx(1,677): error TS1434: Unexpected keyword or identifier.
src/components/booking/BookingConfirmation.tsx(1,697): error TS1109: Expression expected.
src/components/booking/BookingConfirmation.tsx(1,706): error TS1127: Invalid character.
src/components/booking/BookingConfirmation.tsx(1,707): error TS1434: Unexpected keyword or identifier.
src/components/booking/BookingConfirmation.tsx(1,727): error TS1109: Expression expected.
src/components/booking/BookingConfirmation.tsx(1,736): error TS1127: Invalid character.
src/components/booking/BookingConfirmation.tsx(1,737): error TS1434: Unexpected keyword or identifier.
src/components/booking/BookingConfirmation.tsx(1,753): error TS1109: Expression expected.
src/components/booking/BookingConfirmation.tsx(1,762): error TS1127: Invalid character.
src/components/booking/BookingConfirmation.tsx(1,763): error TS1434: Unexpected keyword or identifier.
src/components/booking/BookingConfirmation.tsx(1,780): error TS1109: Expression expected.
src/components/booking/BookingConfirmation.tsx(1,789): error TS1127: Invalid character.
src/components/booking/BookingConfirmation.tsx(1,790): error TS1434: Unexpected keyword or identifier.
src/components/booking/BookingConfirmation.tsx(1,804): error TS1109: Expression expected.
src/components/booking/BookingConfirmation.tsx(1,813): error TS1127: Invalid character.
src/components/booking/BookingConfirmation.tsx(1,814): error TS1434: Unexpected keyword or identifier.
src/components/booking/BookingConfirmation.tsx(1,825): error TS1109: Expression expected.
src/components/booking/BookingConfirmation.tsx(1,834): error TS1127: Invalid character.
src/components/booking/BookingConfirmation.tsx(1,835): error TS1434: Unexpected keyword or identifier.
src/components/booking/BookingConfirmation.tsx(1,855): error TS1127: Invalid character.
src/components/booking/BookingConfirmation.tsx(1,856): error TS1434: Unexpected keyword or identifier.
src/components/booking/BookingConfirmation.tsx(1,868): error TS1109: Expression expected.
src/components/booking/BookingConfirmation.tsx(1,871): error TS1127: Invalid character.
src/components/booking/BookingConfirmation.tsx(1,879): error TS1005: ',' expected.
src/components/booking/BookingConfirmation.tsx(1,900): error TS1005: ',' expected.
src/components/booking/BookingConfirmation.tsx(1,901): error TS1127: Invalid character.
src/components/booking/BookingConfirmation.tsx(1,909): error TS1005: ',' expected.
src/components/booking/BookingConfirmation.tsx(1,930): error TS1005: ',' expected.
src/components/booking/BookingConfirmation.tsx(1,931): error TS1127: Invalid character.
src/components/booking/BookingConfirmation.tsx(1,939): error TS1005: ',' expected.
src/components/booking/BookingConfirmation.tsx(1,961): error TS1005: ',' expected.
src/components/booking/BookingConfirmation.tsx(1,962): error TS1127: Invalid character.
src/components/booking/BookingConfirmation.tsx(1,970): error TS1005: ',' expected.
src/components/booking/BookingConfirmation.tsx(1,986): error TS1005: ',' expected.
src/components/booking/BookingConfirmation.tsx(1,987): error TS1127: Invalid character.
src/components/booking/BookingConfirmation.tsx(1,995): error TS1127: Invalid character.
src/components/booking/BookingConfirmation.tsx(1,1001): error TS1127: Invalid character.
src/components/booking/BookingConfirmation.tsx(1,1002): error TS1434: Unexpected keyword or identifier.
src/components/booking/BookingConfirmation.tsx(1,1013): error TS1109: Expression expected.
src/components/booking/BookingConfirmation.tsx(1,1044): error TS1127: Invalid character.
src/components/booking/BookingConfirmation.tsx(1,1045): error TS1434: Unexpected keyword or identifier.
src/components/booking/BookingConfirmation.tsx(1,1067): error TS1109: Expression expected.
src/components/booking/BookingConfirmation.tsx(1,1077): error TS1127: Invalid character.
src/components/booking/BookingConfirmation.tsx(1,1078): error TS1434: Unexpected keyword or identifier.
src/components/booking/BookingConfirmation.tsx(1,1091): error TS1109: Expression expected.
src/components/booking/BookingConfirmation.tsx(1,1100): error TS1127: Invalid character.
src/components/booking/BookingConfirmation.tsx(1,1102): error TS1128: Declaration or statement expected.
src/components/booking/BookingConfirmation.tsx(1,1103): error TS1127: Invalid character.
src/components/booking/BookingConfirmation.tsx(1,1105): error TS1127: Invalid character.
src/components/booking/BookingConfirmation.tsx(1,1295): error TS1127: Invalid character.
src/components/booking/BookingConfirmation.tsx(1,1296): error TS1435: Unknown keyword or identifier. Did you mean 'export'?
src/components/booking/BookingConfirmation.tsx(1,1304): error TS1005: 'export' expected.
src/components/booking/BookingConfirmation.tsx(1,1342): error TS1127: Invalid character.
src/components/booking/BookingConfirmation.tsx(1,1346): error TS1005: ',' expected.
src/components/booking/BookingConfirmation.tsx(1,1354): error TS1127: Invalid character.
src/components/booking/BookingConfirmation.tsx(1,1358): error TS1005: ',' expected.
src/components/booking/BookingConfirmation.tsx(1,1375): error TS1127: Invalid character.
src/components/booking/BookingConfirmation.tsx(1,1379): error TS1005: ',' expected.
src/components/booking/BookingConfirmation.tsx(1,1405): error TS1127: Invalid character.
src/components/booking/BookingConfirmation.tsx(1,1409): error TS1005: ',' expected.
src/components/booking/BookingConfirmation.tsx(1,1418): error TS1127: Invalid character.
src/components/booking/BookingConfirmation.tsx(1,1450): error TS1127: Invalid character.
src/components/booking/BookingConfirmation.tsx(1,1451): error TS1434: Unexpected keyword or identifier.
src/components/booking/BookingConfirmation.tsx(1,1550): error TS1127: Invalid character.
src/components/booking/BookingConfirmation.tsx(1,1551): error TS1434: Unexpected keyword or identifier.
src/components/booking/BookingConfirmation.tsx(1,1653): error TS1127: Invalid character.
src/components/booking/BookingConfirmation.tsx(1,1657): error TS1127: Invalid character.
src/components/booking/BookingConfirmation.tsx(1,1658): error TS1434: Unexpected keyword or identifier.
src/components/booking/BookingConfirmation.tsx(1,1682): error TS1127: Invalid character.
src/components/booking/BookingConfirmation.tsx(1,1688): error TS1005: ',' expected.
src/components/booking/BookingConfirmation.tsx(1,1746): error TS1127: Invalid character.
src/components/booking/BookingConfirmation.tsx(1,1752): error TS1005: ',' expected.
src/components/booking/BookingConfirmation.tsx(1,1811): error TS1127: Invalid character.
src/components/booking/BookingConfirmation.tsx(1,1817): error TS1005: ',' expected.
src/components/booking/BookingConfirmation.tsx(1,1869): error TS1127: Invalid character.
src/components/booking/BookingConfirmation.tsx(1,1875): error TS1005: ',' expected.
src/components/booking/BookingConfirmation.tsx(1,1929): error TS1127: Invalid character.
src/components/booking/BookingConfirmation.tsx(1,1998): error TS1127: Invalid character.
src/components/booking/BookingConfirmation.tsx(1,2000): error TS1127: Invalid character.
src/components/booking/BookingConfirmation.tsx(1,12621): error TS1005: '}' expected.
src/components/SuperAdminDashboard.tsx(214,6): error TS17008: JSX element 'div' has no corresponding closing tag.
src/components/SuperAdminDashboard.tsx(436,5): error TS1381: Unexpected token. Did you mean `{'}'}` or `&rbrace;`?
src/components/SuperAdminDashboard.tsx(437,3): error TS1381: Unexpected token. Did you mean `{'}'}` or `&rbrace;`?
src/components/SuperAdminDashboard.tsx(439,48): error TS1382: Unexpected token. Did you mean `{'>'}` or `&gt;`?
src/components/SuperAdminDashboard.tsx(440,5): error TS1109: Expression expected.
src/components/SuperAdminDashboard.tsx(441,7): error TS1109: Expression expected.
src/components/SuperAdminDashboard.tsx(451,5): error TS1381: Unexpected token. Did you mean `{'}'}` or `&rbrace;`?
src/components/SuperAdminDashboard.tsx(452,3): error TS1381: Unexpected token. Did you mean `{'}'}` or `&rbrace;`?
src/components/SuperAdminDashboard.tsx(454,26): error TS1382: Unexpected token. Did you mean `{'>'}` or `&gt;`?
src/components/SuperAdminDashboard.tsx(455,5): error TS1109: Expression expected.
src/components/SuperAdminDashboard.tsx(458,16): error TS1005: '}' expected.
src/components/SuperAdminDashboard.tsx(464,5): error TS1381: Unexpected token. Did you mean `{'}'}` or `&rbrace;`?
src/components/SuperAdminDashboard.tsx(466,72): error TS1005: '}' expected.
src/components/SuperAdminDashboard.tsx(466,93): error TS1381: Unexpected token. Did you mean `{'}'}` or `&rbrace;`?
src/components/SuperAdminDashboard.tsx(473,3): error TS1381: Unexpected token. Did you mean `{'}'}` or `&rbrace;`?
src/components/SuperAdminDashboard.tsx(476,5): error TS1109: Expression expected.
src/components/SuperAdminDashboard.tsx(481,3): error TS1381: Unexpected token. Did you mean `{'}'}` or `&rbrace;`?
src/components/SuperAdminDashboard.tsx(484,5): error TS1109: Expression expected.
src/components/SuperAdminDashboard.tsx(490,3): error TS1381: Unexpected token. Did you mean `{'}'}` or `&rbrace;`?
src/components/SuperAdminDashboard.tsx(716,1): error TS1381: Unexpected token. Did you mean `{'}'}` or `&rbrace;`?
src/components/SuperAdminDashboard.tsx(716,2): error TS1005: '</' expected.
src/lib/enhanced-rbac-backup.ts(59,17): error TS1127: Invalid character.
src/lib/enhanced-rbac-backup.ts(59,22): error TS1127: Invalid character.
src/lib/enhanced-rbac-backup.ts(59,25): error TS1127: Invalid character.
src/lib/enhanced-rbac-backup.ts(59,27): error TS1127: Invalid character.
src/lib/enhanced-rbac-backup.ts(59,111): error TS1127: Invalid character.
src/lib/enhanced-rbac-backup.ts(59,112): error TS1435: Unknown keyword or identifier. Did you mean 'export'?
src/lib/enhanced-rbac-backup.ts(59,149): error TS1127: Invalid character.
src/lib/enhanced-rbac-backup.ts(59,153): error TS1005: ',' expected.
src/lib/enhanced-rbac-backup.ts(59,179): error TS1127: Invalid character.
src/lib/enhanced-rbac-backup.ts(59,183): error TS1005: ',' expected.
src/lib/enhanced-rbac-backup.ts(59,207): error TS1127: Invalid character.
src/lib/enhanced-rbac-backup.ts(59,211): error TS1005: ',' expected.
src/lib/enhanced-rbac-backup.ts(59,232): error TS1127: Invalid character.
src/lib/enhanced-rbac-backup.ts(59,255): error TS1127: Invalid character.
src/lib/enhanced-rbac-backup.ts(59,256): error TS1434: Unexpected keyword or identifier.
src/lib/enhanced-rbac-backup.ts(59,295): error TS1127: Invalid character.
src/lib/enhanced-rbac-backup.ts(59,299): error TS1127: Invalid character.
src/lib/enhanced-rbac-backup.ts(59,300): error TS1434: Unexpected keyword or identifier.
src/lib/enhanced-rbac-backup.ts(59,308): error TS1127: Invalid character.
src/lib/enhanced-rbac-backup.ts(59,309): error TS1434: Unexpected keyword or identifier.
src/lib/enhanced-rbac-backup.ts(59,368): error TS1127: Invalid character.
src/lib/enhanced-rbac-backup.ts(59,374): error TS1127: Invalid character.
src/lib/enhanced-rbac-backup.ts(59,375): error TS1434: Unexpected keyword or identifier.
src/lib/enhanced-rbac-backup.ts(59,393): error TS1127: Invalid character.
src/lib/enhanced-rbac-backup.ts(59,394): error TS1434: Unexpected keyword or identifier.
src/lib/enhanced-rbac-backup.ts(59,437): error TS1127: Invalid character.
src/lib/enhanced-rbac-backup.ts(59,462): error TS1127: Invalid character.
src/lib/enhanced-rbac-backup.ts(59,463): error TS1434: Unexpected keyword or identifier.
src/lib/enhanced-rbac-backup.ts(59,503): error TS1127: Invalid character.
src/lib/enhanced-rbac-backup.ts(59,510): error TS1127: Invalid character.
src/lib/enhanced-rbac-backup.ts(59,516): error TS1127: Invalid character.
src/lib/enhanced-rbac-backup.ts(59,517): error TS1434: Unexpected keyword or identifier.
src/lib/enhanced-rbac-backup.ts(59,572): error TS1127: Invalid character.
src/lib/enhanced-rbac-backup.ts(59,578): error TS1127: Invalid character.
src/lib/enhanced-rbac-backup.ts(59,579): error TS1434: Unexpected keyword or identifier.
src/lib/enhanced-rbac-backup.ts(59,596): error TS1127: Invalid character.
src/lib/enhanced-rbac-backup.ts(59,597): error TS1434: Unexpected keyword or identifier.
src/lib/enhanced-rbac-backup.ts(59,662): error TS1127: Invalid character.
src/lib/enhanced-rbac-backup.ts(59,663): error TS1434: Unexpected keyword or identifier.
src/lib/enhanced-rbac-backup.ts(59,683): error TS1127: Invalid character.
src/lib/enhanced-rbac-backup.ts(59,690): error TS1127: Invalid character.
src/lib/enhanced-rbac-backup.ts(59,696): error TS1127: Invalid character.
src/lib/enhanced-rbac-backup.ts(59,697): error TS1434: Unexpected keyword or identifier.
src/lib/enhanced-rbac-backup.ts(59,716): error TS1127: Invalid character.
src/lib/enhanced-rbac-backup.ts(59,733): error TS1127: Invalid character.
src/lib/enhanced-rbac-backup.ts(59,734): error TS1434: Unexpected keyword or identifier.
src/lib/enhanced-rbac-backup.ts(59,793): error TS1127: Invalid character.
src/lib/enhanced-rbac-backup.ts(59,794): error TS1434: Unexpected keyword or identifier.
src/lib/enhanced-rbac-backup.ts(59,812): error TS1127: Invalid character.
src/lib/enhanced-rbac-backup.ts(59,817): error TS1127: Invalid character.
src/lib/enhanced-rbac-backup.ts(59,820): error TS1127: Invalid character.
src/lib/enhanced-rbac-backup.ts(59,822): error TS1127: Invalid character.
src/lib/enhanced-rbac-backup.ts(59,894): error TS1127: Invalid character.
src/lib/enhanced-rbac-backup.ts(59,895): error TS1435: Unknown keyword or identifier. Did you mean 'export'?
src/lib/enhanced-rbac-backup.ts(59,939): error TS1127: Invalid character.
src/lib/enhanced-rbac-backup.ts(59,943): error TS1005: ',' expected.
src/lib/enhanced-rbac-backup.ts(59,968): error TS1127: Invalid character.
src/lib/enhanced-rbac-backup.ts(59,972): error TS1005: ',' expected.
src/lib/enhanced-rbac-backup.ts(59,987): error TS1127: Invalid character.
src/lib/enhanced-rbac-backup.ts(59,991): error TS1005: ',' expected.
src/lib/enhanced-rbac-backup.ts(59,1008): error TS1127: Invalid character.
src/lib/enhanced-rbac-backup.ts(59,1012): error TS1005: ',' expected.
src/lib/enhanced-rbac-backup.ts(59,1038): error TS1127: Invalid character.
src/lib/enhanced-rbac-backup.ts(59,1080): error TS1127: Invalid character.
src/lib/enhanced-rbac-backup.ts(59,1081): error TS1434: Unexpected keyword or identifier.
src/lib/enhanced-rbac-backup.ts(59,1089): error TS1127: Invalid character.
src/lib/enhanced-rbac-backup.ts(59,5815): error TS1005: '}' expected.
src/lib/llmContextManager.ts(112,1): error TS1128: Declaration or statement expected.
src/test/componentTestUtils.ts(88,53): error TS1005: '>' expected.
src/test/componentTestUtils.ts(88,65): error TS1109: Expression expected.
src/test/componentTestUtils.ts(88,66): error TS1109: Expression expected.
src/test/exampleTests.ts(175,22): error TS1005: '>' expected.
src/test/exampleTests.ts(175,30): error TS1005: ',' expected.
src/test/exampleTests.ts(175,42): error TS1005: ',' expected.
src/test/exampleTests.ts(175,67): error TS1109: Expression expected.
src/test/exampleTests.ts(176,7): error TS1109: Expression expected.
src/test/exampleTests.ts(201,22): error TS1005: '>' expected.
src/test/exampleTests.ts(201,30): error TS1005: ',' expected.
src/test/exampleTests.ts(201,33): error TS1109: Expression expected.
src/test/exampleTests.ts(201,34): error TS1005: ':' expected.
src/test/exampleTests.ts(201,36): error TS1005: ',' expected.
src/test/exampleTests.ts(201,50): error TS1005: ',' expected.
src/test/exampleTests.ts(201,58): error TS1109: Expression expected.
src/test/exampleTests.ts(202,7): error TS1109: Expression expected.
src/test/exampleTests.ts(226,23): error TS1005: '>' expected.
src/test/exampleTests.ts(226,31): error TS1005: ',' expected.
src/test/exampleTests.ts(226,43): error TS1005: ',' expected.
src/test/exampleTests.ts(226,76): error TS1109: Expression expected.
src/test/exampleTests.ts(227,7): error TS1109: Expression expected.
src/test/exampleTests.ts(416,25): error TS1005: '>' expected.
src/test/exampleTests.ts(416,33): error TS1005: ',' expected.
src/test/exampleTests.ts(416,46): error TS1109: Expression expected.
src/test/exampleTests.ts(417,5): error TS1109: Expression expected.
src/test/exampleTests.ts(458,20): error TS1005: '>' expected.
src/test/exampleTests.ts(458,28): error TS1005: ',' expected.
src/test/exampleTests.ts(458,31): error TS1109: Expression expected.
src/test/exampleTests.ts(458,32): error TS1005: ':' expected.
src/test/exampleTests.ts(458,34): error TS1005: ',' expected.
src/test/exampleTests.ts(458,48): error TS1005: ',' expected.
src/test/exampleTests.ts(458,56): error TS1109: Expression expected.
src/test/exampleTests.ts(459,5): error TS1109: Expression expected.
src/test/exampleTests.ts(465,20): error TS1005: '>' expected.
src/test/exampleTests.ts(465,28): error TS1005: ',' expected.
src/test/exampleTests.ts(465,31): error TS1109: Expression expected.
src/test/exampleTests.ts(465,32): error TS1005: ':' expected.
src/test/exampleTests.ts(465,34): error TS1005: ',' expected.
src/test/exampleTests.ts(465,48): error TS1005: ',' expected.
src/test/exampleTests.ts(465,56): error TS1109: Expression expected.
src/test/exampleTests.ts(466,5): error TS1109: Expression expected.
src/test/testUtils.ts(145,28): error TS1005: '>' expected.
src/test/testUtils.ts(145,34): error TS1005: ')' expected.
src/test/testUtils.ts(147,8): error TS1161: Unterminated regular expression literal.
src/test/testUtils.ts(148,5): error TS1128: Declaration or statement expected.
src/types/audit-integration.ts(154,1): error TS1135: Argument expression expected.
src/types/audit-integration.ts(158,16): error TS1005: ';' expected.
src/types/audit-integration.ts(165,7): error TS1128: Declaration or statement expected.
src/types/type-safety.test.ts(104,4): error TS1127: Invalid character.
src/types/type-safety.test.ts(104,6): error TS1127: Invalid character.
src/types/type-safety.test.ts(104,59): error TS1127: Invalid character.
src/types/type-safety.test.ts(104,60): error TS1434: Unexpected keyword or identifier.
src/types/type-safety.test.ts(104,103): error TS1127: Invalid character.
src/types/type-safety.test.ts(104,104): error TS1434: Unexpected keyword or identifier.
src/types/type-safety.test.ts(104,164): error TS1127: Invalid character.
src/types/type-safety.test.ts(104,165): error TS1434: Unexpected keyword or identifier.
src/types/type-safety.test.ts(104,245): error TS1127: Invalid character.
src/types/type-safety.test.ts(104,253): error TS1127: Invalid character.
src/types/type-safety.test.ts(104,254): error TS1434: Unexpected keyword or identifier.
src/types/type-safety.test.ts(104,295): error TS1127: Invalid character.
src/types/type-safety.test.ts(104,296): error TS1434: Unexpected keyword or identifier.
src/types/type-safety.test.ts(104,337): error TS1127: Invalid character.
src/types/type-safety.test.ts(104,338): error TS1434: Unexpected keyword or identifier.
src/types/type-safety.test.ts(104,391): error TS1127: Invalid character.
src/types/type-safety.test.ts(104,392): error TS1434: Unexpected keyword or identifier.
src/types/type-safety.test.ts(104,449): error TS1127: Invalid character.
src/types/type-safety.test.ts(104,450): error TS1434: Unexpected keyword or identifier.
src/types/type-safety.test.ts(104,502): error TS1127: Invalid character.
src/types/type-safety.test.ts(104,511): error TS1127: Invalid character.
src/types/type-safety.test.ts(104,513): error TS1127: Invalid character.
src/types/type-safety.test.ts(104,514): error TS1434: Unexpected keyword or identifier.
src/types/type-safety.test.ts(104,574): error TS1127: Invalid character.
src/types/type-safety.test.ts(104,575): error TS1434: Unexpected keyword or identifier.
src/types/type-safety.test.ts(104,655): error TS1127: Invalid character.
src/types/type-safety.test.ts(104,663): error TS1127: Invalid character.
src/types/type-safety.test.ts(104,664): error TS1434: Unexpected keyword or identifier.
src/types/type-safety.test.ts(104,706): error TS1127: Invalid character.
src/types/type-safety.test.ts(104,707): error TS1434: Unexpected keyword or identifier.
src/types/type-safety.test.ts(104,748): error TS1127: Invalid character.
src/types/type-safety.test.ts(104,749): error TS1434: Unexpected keyword or identifier.
src/types/type-safety.test.ts(104,802): error TS1127: Invalid character.
src/types/type-safety.test.ts(104,811): error TS1127: Invalid character.
src/types/type-safety.test.ts(104,813): error TS1127: Invalid character.
src/types/type-safety.test.ts(104,814): error TS1434: Unexpected keyword or identifier.
src/types/type-safety.test.ts(104,876): error TS1127: Invalid character.
src/types/type-safety.test.ts(104,877): error TS1434: Unexpected keyword or identifier.
src/types/type-safety.test.ts(104,982): error TS1127: Invalid character.
src/types/type-safety.test.ts(104,990): error TS1127: Invalid character.
src/types/type-safety.test.ts(104,991): error TS1434: Unexpected keyword or identifier.
src/types/type-safety.test.ts(104,6660): error TS1005: '}' expected.
tests/staffSkillUnassign.test.ts(12,9): error TS1005: ',' expected.
tests/staffSkillUnassign.test.ts(12,12): error TS1005: ',' expected.
tests/staffSkillUnassign.test.ts(12,15): error TS1005: ',' expected.
tests/staffSkillUnassign.test.ts(16,2): error TS1005: ',' expected.
