src/app/auth/callback/page.tsx(27,54): error TS2339: Property 'error' does not exist on type '{ session?: unknown; }'.
